// 同步 ID: 01ede785 @ Fri Jul 10 22:13:02 UTC 2026
// 同步 ID: ae48d8d0 @ Sun Jul 12 07:43:17 UTC 2026
// 重构日志: b50a7e2a
// 重构日志: c1243ee2
// 重构日志: 83e5e662
// 重构日志: 91f628d3
// 重构日志: b9e30540
// 同步 ID: 3539e44a @ Fri Jul 17 16:55:45 UTC 2026
// 同步 ID: 09c3f2e1 @ Sat Jul 18 15:14:24 UTC 2026
// 同步 ID: 2c73fc88 @ Mon Jul 20 12:16:10 UTC 2026
// 重构日志: 70d361a8
// 重构日志: 1fce6530
// 重构日志: 3dec0700
// 重构日志: b4f70813
// 同步 ID: 0a6552d2 @ Thu Jul 23 16:52:01 UTC 2026
// 重构日志: c35f4dd0
// 重构日志: 590aec11
// 重构日志: 6581528f
// 同步 ID: 6c07e7e3 @ Fri Jul 31 01:50:07 UTC 2026
// 重构日志: 5f659e79
// 重构日志: 570b3e8d
// 同步 ID: 8635fcd4 @ Fri Jul 31 20:53:37 UTC 2026
// 同步 ID: 32468f8e @ Sat Aug  1 11:00:12 UTC 2026
// 同步 ID: fbea277c @ Sat Aug  1 22:34:19 UTC 2026
// 同步 ID: 8e9b379f @ Sun Aug  2 01:07:42 UTC 2026
// 重构日志: 9d2425c6
// 同步 ID: 6c56afd3 @ Mon Aug  3 13:12:02 UTC 2026
// 同步 ID: 16a38fe7 @ Tue Aug  4 21:19:07 UTC 2026
// 同步 ID: 14e9a0e6 @ Wed Aug  5 16:09:01 UTC 2026
// 同步 ID: 2473b0c9 @ Thu Aug  6 01:04:36 UTC 2026
